[0.062s] DEBUG:colcon:Command line arguments: ['/usr/bin/colcon', 'list', '-p', '--base-paths', '/home/john/ros2_ws/src/Triton', '--log-base', '/dev/null']
[0.062s] DEBUG:colcon:Parsed command line arguments: Namespace(log_base=None, log_level=None, verb_name='list', build_base='build', ignore_user_meta=False, metas=['./colcon.meta'], base_paths=['/home/john/ros2_ws/src/Triton', '--log-base', '/dev/null'], packages_ignore=None, packages_ignore_regex=None, paths=None, packages_up_to=None, packages_up_to_regex=None, packages_above=None, packages_above_and_dependencies=None, packages_above_depth=None, packages_select_by_dep=None, packages_skip_by_dep=None, packages_skip_up_to=None, packages_select_build_failed=False, packages_skip_build_finished=False, packages_select_test_failures=False, packages_skip_test_passed=False, packages_select=None, packages_skip=None, packages_select_regex=None, packages_skip_regex=None, packages_start=None, packages_end=None, allow_overriding=[], topological_order=False, names_only=False, paths_only=True, topological_graph=False, topological_graph_dot=False, topological_graph_density=False, topological_graph_legend=False, topological_graph_dot_cluster=False, topological_graph_dot_include_skipped=False, verb_parser=<colcon_defaults.argument_parser.defaults.DefaultArgumentsDecorator object at 0x757334e64bb0>, verb_extension=<colcon_package_information.verb.list.ListVerb object at 0x757334de1030>, main=<bound method ListVerb.main of <colcon_package_information.verb.list.ListVerb object at 0x757334de1030>>)
[0.158s] Level 1:colcon.colcon_core.package_discovery:discover_packages(colcon_meta) check parameters
[0.159s] Level 1:colcon.colcon_core.package_discovery:discover_packages(recursive) check parameters
[0.159s] Level 1:colcon.colcon_core.package_discovery:discover_packages(ignore) check parameters
[0.159s] Level 1:colcon.colcon_core.package_discovery:discover_packages(path) check parameters
[0.159s] Level 1:colcon.colcon_core.package_discovery:discover_packages(recursive) discover
[0.159s] INFO:colcon.colcon_core.package_discovery:Crawling recursively for packages in '/home/john/ros2_ws/src/Triton', '/home/john/ros2_ws/src/Triton/--log-base', '/dev/null'
[0.159s] Level 1:colcon.colcon_core.package_identification:_identify(/home/john/ros2_ws/src/Triton) by extensions ['ignore', 'ignore_ament_install']
[0.159s] Level 1:colcon.colcon_core.package_identification:_identify(/home/john/ros2_ws/src/Triton) by extension 'ignore'
[0.159s] Level 1:colcon.colcon_core.package_identification:_identify(/home/john/ros2_ws/src/Triton) by extension 'ignore_ament_install'
[0.159s] Level 1:colcon.colcon_core.package_identification:_identify(/home/john/ros2_ws/src/Triton) by extensions ['colcon_pkg']
[0.159s] Level 1:colcon.colcon_core.package_identification:_identify(/home/john/ros2_ws/src/Triton) by extension 'colcon_pkg'
[0.159s] Level 1:colcon.colcon_core.package_identification:_identify(/home/john/ros2_ws/src/Triton) by extensions ['colcon_meta']
[0.159s] Level 1:colcon.colcon_core.package_identification:_identify(/home/john/ros2_ws/src/Triton) by extension 'colcon_meta'
[0.159s] Level 1:colcon.colcon_core.package_identification:_identify(/home/john/ros2_ws/src/Triton) by extensions ['ros']
[0.159s] Level 1:colcon.colcon_core.package_identification:_identify(/home/john/ros2_ws/src/Triton) by extension 'ros'
[0.167s] Level 1:colcon.colcon_core.package_identification:_identify(/home/john/ros2_ws/src/Triton) by extensions ['cmake', 'python']
[0.167s] Level 1:colcon.colcon_core.package_identification:_identify(/home/john/ros2_ws/src/Triton) by extension 'cmake'
[0.167s] Level 1:colcon.colcon_core.package_identification:_identify(/home/john/ros2_ws/src/Triton) by extension 'python'
[0.167s] Level 1:colcon.colcon_core.package_identification:_identify(/home/john/ros2_ws/src/Triton) by extensions ['python_setup_py']
[0.167s] Level 1:colcon.colcon_core.package_identification:_identify(/home/john/ros2_ws/src/Triton) by extension 'python_setup_py'
[0.167s] Level 1:colcon.colcon_core.package_identification:_identify(/home/john/ros2_ws/src/Triton/dependencies) by extensions ['ignore', 'ignore_ament_install']
[0.167s] Level 1:colcon.colcon_core.package_identification:_identify(/home/john/ros2_ws/src/Triton/dependencies) by extension 'ignore'
[0.167s] Level 1:colcon.colcon_core.package_identification:_identify(/home/john/ros2_ws/src/Triton/dependencies) by extension 'ignore_ament_install'
[0.167s] Level 1:colcon.colcon_core.package_identification:_identify(/home/john/ros2_ws/src/Triton/dependencies) by extensions ['colcon_pkg']
[0.167s] Level 1:colcon.colcon_core.package_identification:_identify(/home/john/ros2_ws/src/Triton/dependencies) by extension 'colcon_pkg'
[0.167s] Level 1:colcon.colcon_core.package_identification:_identify(/home/john/ros2_ws/src/Triton/dependencies) by extensions ['colcon_meta']
[0.167s] Level 1:colcon.colcon_core.package_identification:_identify(/home/john/ros2_ws/src/Triton/dependencies) by extension 'colcon_meta'
[0.167s] Level 1:colcon.colcon_core.package_identification:_identify(/home/john/ros2_ws/src/Triton/dependencies) by extensions ['ros']
[0.167s] Level 1:colcon.colcon_core.package_identification:_identify(/home/john/ros2_ws/src/Triton/dependencies) by extension 'ros'
[0.167s] Level 1:colcon.colcon_core.package_identification:_identify(/home/john/ros2_ws/src/Triton/dependencies) by extensions ['cmake', 'python']
[0.167s] Level 1:colcon.colcon_core.package_identification:_identify(/home/john/ros2_ws/src/Triton/dependencies) by extension 'cmake'
[0.167s] Level 1:colcon.colcon_core.package_identification:_identify(/home/john/ros2_ws/src/Triton/dependencies) by extension 'python'
[0.167s] Level 1:colcon.colcon_core.package_identification:_identify(/home/john/ros2_ws/src/Triton/dependencies) by extensions ['python_setup_py']
[0.167s] Level 1:colcon.colcon_core.package_identification:_identify(/home/john/ros2_ws/src/Triton/dependencies) by extension 'python_setup_py'
[0.167s] Level 1:colcon.colcon_core.package_identification:_identify(/home/john/ros2_ws/src/Triton/dependencies/csm) by extensions ['ignore', 'ignore_ament_install']
[0.167s] Level 1:colcon.colcon_core.package_identification:_identify(/home/john/ros2_ws/src/Triton/dependencies/csm) by extension 'ignore'
[0.167s] Level 1:colcon.colcon_core.package_identification:_identify(/home/john/ros2_ws/src/Triton/dependencies/csm) by extension 'ignore_ament_install'
[0.167s] Level 1:colcon.colcon_core.package_identification:_identify(/home/john/ros2_ws/src/Triton/dependencies/csm) by extensions ['colcon_pkg']
[0.167s] Level 1:colcon.colcon_core.package_identification:_identify(/home/john/ros2_ws/src/Triton/dependencies/csm) by extension 'colcon_pkg'
[0.167s] Level 1:colcon.colcon_core.package_identification:_identify(/home/john/ros2_ws/src/Triton/dependencies/csm) by extensions ['colcon_meta']
[0.167s] Level 1:colcon.colcon_core.package_identification:_identify(/home/john/ros2_ws/src/Triton/dependencies/csm) by extension 'colcon_meta'
[0.167s] Level 1:colcon.colcon_core.package_identification:_identify(/home/john/ros2_ws/src/Triton/dependencies/csm) by extensions ['ros']
[0.167s] Level 1:colcon.colcon_core.package_identification:_identify(/home/john/ros2_ws/src/Triton/dependencies/csm) by extension 'ros'
[0.169s] DEBUG:colcon.colcon_core.package_identification:Package '/home/john/ros2_ws/src/Triton/dependencies/csm' with type 'ros.ament_cmake' and name 'csm'
[0.170s] Level 1:colcon.colcon_core.package_identification:_identify(/home/john/ros2_ws/src/Triton/dependencies/insta360_ros_driver) by extensions ['ignore', 'ignore_ament_install']
[0.170s] Level 1:colcon.colcon_core.package_identification:_identify(/home/john/ros2_ws/src/Triton/dependencies/insta360_ros_driver) by extension 'ignore'
[0.170s] Level 1:colcon.colcon_core.package_identification:_identify(/home/john/ros2_ws/src/Triton/dependencies/insta360_ros_driver) by extension 'ignore_ament_install'
[0.170s] Level 1:colcon.colcon_core.package_identification:_identify(/home/john/ros2_ws/src/Triton/dependencies/insta360_ros_driver) by extensions ['colcon_pkg']
[0.170s] Level 1:colcon.colcon_core.package_identification:_identify(/home/john/ros2_ws/src/Triton/dependencies/insta360_ros_driver) by extension 'colcon_pkg'
[0.170s] Level 1:colcon.colcon_core.package_identification:_identify(/home/john/ros2_ws/src/Triton/dependencies/insta360_ros_driver) by extensions ['colcon_meta']
[0.170s] Level 1:colcon.colcon_core.package_identification:_identify(/home/john/ros2_ws/src/Triton/dependencies/insta360_ros_driver) by extension 'colcon_meta'
[0.170s] Level 1:colcon.colcon_core.package_identification:_identify(/home/john/ros2_ws/src/Triton/dependencies/insta360_ros_driver) by extensions ['ros']
[0.170s] Level 1:colcon.colcon_core.package_identification:_identify(/home/john/ros2_ws/src/Triton/dependencies/insta360_ros_driver) by extension 'ros'
[0.170s] DEBUG:colcon.colcon_core.package_identification:Package '/home/john/ros2_ws/src/Triton/dependencies/insta360_ros_driver' with type 'ros.ament_cmake' and name 'insta360_ros_driver'
[0.170s] Level 1:colcon.colcon_core.package_identification:_identify(/home/john/ros2_ws/src/Triton/dependencies/op_solver_ros) by extensions ['ignore', 'ignore_ament_install']
[0.170s] Level 1:colcon.colcon_core.package_identification:_identify(/home/john/ros2_ws/src/Triton/dependencies/op_solver_ros) by extension 'ignore'
[0.170s] Level 1:colcon.colcon_core.package_identification:_identify(/home/john/ros2_ws/src/Triton/dependencies/op_solver_ros) by extension 'ignore_ament_install'
[0.170s] Level 1:colcon.colcon_core.package_identification:_identify(/home/john/ros2_ws/src/Triton/dependencies/op_solver_ros) by extensions ['colcon_pkg']
[0.170s] Level 1:colcon.colcon_core.package_identification:_identify(/home/john/ros2_ws/src/Triton/dependencies/op_solver_ros) by extension 'colcon_pkg'
[0.170s] Level 1:colcon.colcon_core.package_identification:_identify(/home/john/ros2_ws/src/Triton/dependencies/op_solver_ros) by extensions ['colcon_meta']
[0.170s] Level 1:colcon.colcon_core.package_identification:_identify(/home/john/ros2_ws/src/Triton/dependencies/op_solver_ros) by extension 'colcon_meta'
[0.170s] Level 1:colcon.colcon_core.package_identification:_identify(/home/john/ros2_ws/src/Triton/dependencies/op_solver_ros) by extensions ['ros']
[0.171s] Level 1:colcon.colcon_core.package_identification:_identify(/home/john/ros2_ws/src/Triton/dependencies/op_solver_ros) by extension 'ros'
[0.172s] DEBUG:colcon.colcon_core.package_identification:Package '/home/john/ros2_ws/src/Triton/dependencies/op_solver_ros' with type 'ros.ament_cmake' and name 'op_solver_ros'
[0.172s] Level 1:colcon.colcon_core.package_identification:_identify(/home/john/ros2_ws/src/Triton/dependencies/ros2_laser_scan_matcher) by extensions ['ignore', 'ignore_ament_install']
[0.172s] Level 1:colcon.colcon_core.package_identification:_identify(/home/john/ros2_ws/src/Triton/dependencies/ros2_laser_scan_matcher) by extension 'ignore'
[0.172s] Level 1:colcon.colcon_core.package_identification:_identify(/home/john/ros2_ws/src/Triton/dependencies/ros2_laser_scan_matcher) by extension 'ignore_ament_install'
[0.172s] Level 1:colcon.colcon_core.package_identification:_identify(/home/john/ros2_ws/src/Triton/dependencies/ros2_laser_scan_matcher) by extensions ['colcon_pkg']
[0.172s] Level 1:colcon.colcon_core.package_identification:_identify(/home/john/ros2_ws/src/Triton/dependencies/ros2_laser_scan_matcher) by extension 'colcon_pkg'
[0.172s] Level 1:colcon.colcon_core.package_identification:_identify(/home/john/ros2_ws/src/Triton/dependencies/ros2_laser_scan_matcher) by extensions ['colcon_meta']
[0.172s] Level 1:colcon.colcon_core.package_identification:_identify(/home/john/ros2_ws/src/Triton/dependencies/ros2_laser_scan_matcher) by extension 'colcon_meta'
[0.172s] Level 1:colcon.colcon_core.package_identification:_identify(/home/john/ros2_ws/src/Triton/dependencies/ros2_laser_scan_matcher) by extensions ['ros']
[0.172s] Level 1:colcon.colcon_core.package_identification:_identify(/home/john/ros2_ws/src/Triton/dependencies/ros2_laser_scan_matcher) by extension 'ros'
[0.172s] DEBUG:colcon.colcon_core.package_identification:Package '/home/john/ros2_ws/src/Triton/dependencies/ros2_laser_scan_matcher' with type 'ros.ament_cmake' and name 'ros2_laser_scan_matcher'
[0.173s] Level 1:colcon.colcon_core.package_identification:_identify(/home/john/ros2_ws/src/Triton/dependencies/rosboard) by extensions ['ignore', 'ignore_ament_install']
[0.173s] Level 1:colcon.colcon_core.package_identification:_identify(/home/john/ros2_ws/src/Triton/dependencies/rosboard) by extension 'ignore'
[0.173s] Level 1:colcon.colcon_core.package_identification:_identify(/home/john/ros2_ws/src/Triton/dependencies/rosboard) by extension 'ignore_ament_install'
[0.173s] Level 1:colcon.colcon_core.package_identification:_identify(/home/john/ros2_ws/src/Triton/dependencies/rosboard) by extensions ['colcon_pkg']
[0.173s] Level 1:colcon.colcon_core.package_identification:_identify(/home/john/ros2_ws/src/Triton/dependencies/rosboard) by extension 'colcon_pkg'
[0.173s] Level 1:colcon.colcon_core.package_identification:_identify(/home/john/ros2_ws/src/Triton/dependencies/rosboard) by extensions ['colcon_meta']
[0.173s] Level 1:colcon.colcon_core.package_identification:_identify(/home/john/ros2_ws/src/Triton/dependencies/rosboard) by extension 'colcon_meta'
[0.173s] Level 1:colcon.colcon_core.package_identification:_identify(/home/john/ros2_ws/src/Triton/dependencies/rosboard) by extensions ['ros']
[0.173s] Level 1:colcon.colcon_core.package_identification:_identify(/home/john/ros2_ws/src/Triton/dependencies/rosboard) by extension 'ros'
[0.174s] DEBUG:colcon.colcon_core.package_identification:Package '/home/john/ros2_ws/src/Triton/dependencies/rosboard' with type 'ros.ament_python' and name 'rosboard'
[0.174s] Level 1:colcon.colcon_core.package_identification:_identify(/home/john/ros2_ws/src/Triton/dependencies/slam_gmapping) by extensions ['ignore', 'ignore_ament_install']
[0.174s] Level 1:colcon.colcon_core.package_identification:_identify(/home/john/ros2_ws/src/Triton/dependencies/slam_gmapping) by extension 'ignore'
[0.174s] Level 1:colcon.colcon_core.package_identification:_identify(/home/john/ros2_ws/src/Triton/dependencies/slam_gmapping) by extension 'ignore_ament_install'
[0.174s] Level 1:colcon.colcon_core.package_identification:_identify(/home/john/ros2_ws/src/Triton/dependencies/slam_gmapping) by extensions ['colcon_pkg']
[0.174s] Level 1:colcon.colcon_core.package_identification:_identify(/home/john/ros2_ws/src/Triton/dependencies/slam_gmapping) by extension 'colcon_pkg'
[0.175s] Level 1:colcon.colcon_core.package_identification:_identify(/home/john/ros2_ws/src/Triton/dependencies/slam_gmapping) by extensions ['colcon_meta']
[0.175s] Level 1:colcon.colcon_core.package_identification:_identify(/home/john/ros2_ws/src/Triton/dependencies/slam_gmapping) by extension 'colcon_meta'
[0.175s] Level 1:colcon.colcon_core.package_identification:_identify(/home/john/ros2_ws/src/Triton/dependencies/slam_gmapping) by extensions ['ros']
[0.175s] Level 1:colcon.colcon_core.package_identification:_identify(/home/john/ros2_ws/src/Triton/dependencies/slam_gmapping) by extension 'ros'
[0.175s] Level 1:colcon.colcon_core.package_identification:_identify(/home/john/ros2_ws/src/Triton/dependencies/slam_gmapping) by extensions ['cmake', 'python']
[0.175s] Level 1:colcon.colcon_core.package_identification:_identify(/home/john/ros2_ws/src/Triton/dependencies/slam_gmapping) by extension 'cmake'
[0.175s] Level 1:colcon.colcon_core.package_identification:_identify(/home/john/ros2_ws/src/Triton/dependencies/slam_gmapping) by extension 'python'
[0.175s] Level 1:colcon.colcon_core.package_identification:_identify(/home/john/ros2_ws/src/Triton/dependencies/slam_gmapping) by extensions ['python_setup_py']
[0.175s] Level 1:colcon.colcon_core.package_identification:_identify(/home/john/ros2_ws/src/Triton/dependencies/slam_gmapping) by extension 'python_setup_py'
[0.175s] Level 1:colcon.colcon_core.package_identification:_identify(/home/john/ros2_ws/src/Triton/dependencies/slam_gmapping/openslam_gmapping) by extensions ['ignore', 'ignore_ament_install']
[0.175s] Level 1:colcon.colcon_core.package_identification:_identify(/home/john/ros2_ws/src/Triton/dependencies/slam_gmapping/openslam_gmapping) by extension 'ignore'
[0.175s] Level 1:colcon.colcon_core.package_identification:_identify(/home/john/ros2_ws/src/Triton/dependencies/slam_gmapping/openslam_gmapping) by extension 'ignore_ament_install'
[0.175s] Level 1:colcon.colcon_core.package_identification:_identify(/home/john/ros2_ws/src/Triton/dependencies/slam_gmapping/openslam_gmapping) by extensions ['colcon_pkg']
[0.175s] Level 1:colcon.colcon_core.package_identification:_identify(/home/john/ros2_ws/src/Triton/dependencies/slam_gmapping/openslam_gmapping) by extension 'colcon_pkg'
[0.175s] Level 1:colcon.colcon_core.package_identification:_identify(/home/john/ros2_ws/src/Triton/dependencies/slam_gmapping/openslam_gmapping) by extensions ['colcon_meta']
[0.175s] Level 1:colcon.colcon_core.package_identification:_identify(/home/john/ros2_ws/src/Triton/dependencies/slam_gmapping/openslam_gmapping) by extension 'colcon_meta'
[0.175s] Level 1:colcon.colcon_core.package_identification:_identify(/home/john/ros2_ws/src/Triton/dependencies/slam_gmapping/openslam_gmapping) by extensions ['ros']
[0.175s] Level 1:colcon.colcon_core.package_identification:_identify(/home/john/ros2_ws/src/Triton/dependencies/slam_gmapping/openslam_gmapping) by extension 'ros'
[0.175s] DEBUG:colcon.colcon_core.package_identification:Package '/home/john/ros2_ws/src/Triton/dependencies/slam_gmapping/openslam_gmapping' with type 'ros.ament_cmake' and name 'openslam_gmapping'
[0.175s] Level 1:colcon.colcon_core.package_identification:_identify(/home/john/ros2_ws/src/Triton/dependencies/slam_gmapping/slam_gmapping) by extensions ['ignore', 'ignore_ament_install']
[0.175s] Level 1:colcon.colcon_core.package_identification:_identify(/home/john/ros2_ws/src/Triton/dependencies/slam_gmapping/slam_gmapping) by extension 'ignore'
[0.175s] Level 1:colcon.colcon_core.package_identification:_identify(/home/john/ros2_ws/src/Triton/dependencies/slam_gmapping/slam_gmapping) by extension 'ignore_ament_install'
[0.175s] Level 1:colcon.colcon_core.package_identification:_identify(/home/john/ros2_ws/src/Triton/dependencies/slam_gmapping/slam_gmapping) by extensions ['colcon_pkg']
[0.175s] Level 1:colcon.colcon_core.package_identification:_identify(/home/john/ros2_ws/src/Triton/dependencies/slam_gmapping/slam_gmapping) by extension 'colcon_pkg'
[0.175s] Level 1:colcon.colcon_core.package_identification:_identify(/home/john/ros2_ws/src/Triton/dependencies/slam_gmapping/slam_gmapping) by extensions ['colcon_meta']
[0.175s] Level 1:colcon.colcon_core.package_identification:_identify(/home/john/ros2_ws/src/Triton/dependencies/slam_gmapping/slam_gmapping) by extension 'colcon_meta'
[0.176s] Level 1:colcon.colcon_core.package_identification:_identify(/home/john/ros2_ws/src/Triton/dependencies/slam_gmapping/slam_gmapping) by extensions ['ros']
[0.176s] Level 1:colcon.colcon_core.package_identification:_identify(/home/john/ros2_ws/src/Triton/dependencies/slam_gmapping/slam_gmapping) by extension 'ros'
[0.177s] DEBUG:colcon.colcon_core.package_identification:Package '/home/john/ros2_ws/src/Triton/dependencies/slam_gmapping/slam_gmapping' with type 'ros.ament_cmake' and name 'slam_gmapping'
[0.177s] Level 1:colcon.colcon_core.package_identification:_identify(/home/john/ros2_ws/src/Triton/docs) by extensions ['ignore', 'ignore_ament_install']
[0.177s] Level 1:colcon.colcon_core.package_identification:_identify(/home/john/ros2_ws/src/Triton/docs) by extension 'ignore'
[0.177s] Level 1:colcon.colcon_core.package_identification:_identify(/home/john/ros2_ws/src/Triton/docs) by extension 'ignore_ament_install'
[0.177s] Level 1:colcon.colcon_core.package_identification:_identify(/home/john/ros2_ws/src/Triton/docs) by extensions ['colcon_pkg']
[0.177s] Level 1:colcon.colcon_core.package_identification:_identify(/home/john/ros2_ws/src/Triton/docs) by extension 'colcon_pkg'
[0.177s] Level 1:colcon.colcon_core.package_identification:_identify(/home/john/ros2_ws/src/Triton/docs) by extensions ['colcon_meta']
[0.177s] Level 1:colcon.colcon_core.package_identification:_identify(/home/john/ros2_ws/src/Triton/docs) by extension 'colcon_meta'
[0.177s] Level 1:colcon.colcon_core.package_identification:_identify(/home/john/ros2_ws/src/Triton/docs) by extensions ['ros']
[0.177s] Level 1:colcon.colcon_core.package_identification:_identify(/home/john/ros2_ws/src/Triton/docs) by extension 'ros'
[0.177s] Level 1:colcon.colcon_core.package_identification:_identify(/home/john/ros2_ws/src/Triton/docs) by extensions ['cmake', 'python']
[0.177s] Level 1:colcon.colcon_core.package_identification:_identify(/home/john/ros2_ws/src/Triton/docs) by extension 'cmake'
[0.177s] Level 1:colcon.colcon_core.package_identification:_identify(/home/john/ros2_ws/src/Triton/docs) by extension 'python'
[0.177s] Level 1:colcon.colcon_core.package_identification:_identify(/home/john/ros2_ws/src/Triton/docs) by extensions ['python_setup_py']
[0.177s] Level 1:colcon.colcon_core.package_identification:_identify(/home/john/ros2_ws/src/Triton/docs) by extension 'python_setup_py'
[0.178s] Level 1:colcon.colcon_core.package_identification:_identify(/home/john/ros2_ws/src/Triton/log) by extensions ['ignore', 'ignore_ament_install']
[0.178s] Level 1:colcon.colcon_core.package_identification:_identify(/home/john/ros2_ws/src/Triton/log) by extension 'ignore'
[0.178s] Level 1:colcon.colcon_core.package_identification:_identify(/home/john/ros2_ws/src/Triton/log) ignored
[0.178s] Level 1:colcon.colcon_core.package_identification:_identify(/home/john/ros2_ws/src/Triton/triton_bringup) by extensions ['ignore', 'ignore_ament_install']
[0.178s] Level 1:colcon.colcon_core.package_identification:_identify(/home/john/ros2_ws/src/Triton/triton_bringup) by extension 'ignore'
[0.178s] Level 1:colcon.colcon_core.package_identification:_identify(/home/john/ros2_ws/src/Triton/triton_bringup) by extension 'ignore_ament_install'
[0.178s] Level 1:colcon.colcon_core.package_identification:_identify(/home/john/ros2_ws/src/Triton/triton_bringup) by extensions ['colcon_pkg']
[0.178s] Level 1:colcon.colcon_core.package_identification:_identify(/home/john/ros2_ws/src/Triton/triton_bringup) by extension 'colcon_pkg'
[0.178s] Level 1:colcon.colcon_core.package_identification:_identify(/home/john/ros2_ws/src/Triton/triton_bringup) by extensions ['colcon_meta']
[0.178s] Level 1:colcon.colcon_core.package_identification:_identify(/home/john/ros2_ws/src/Triton/triton_bringup) by extension 'colcon_meta'
[0.178s] Level 1:colcon.colcon_core.package_identification:_identify(/home/john/ros2_ws/src/Triton/triton_bringup) by extensions ['ros']
[0.178s] Level 1:colcon.colcon_core.package_identification:_identify(/home/john/ros2_ws/src/Triton/triton_bringup) by extension 'ros'
[0.178s] DEBUG:colcon.colcon_core.package_identification:Package '/home/john/ros2_ws/src/Triton/triton_bringup' with type 'ros.ament_cmake' and name 'triton_bringup'
[0.178s] Level 1:colcon.colcon_core.package_identification:_identify(/home/john/ros2_ws/src/Triton/triton_controller) by extensions ['ignore', 'ignore_ament_install']
[0.178s] Level 1:colcon.colcon_core.package_identification:_identify(/home/john/ros2_ws/src/Triton/triton_controller) by extension 'ignore'
[0.178s] Level 1:colcon.colcon_core.package_identification:_identify(/home/john/ros2_ws/src/Triton/triton_controller) by extension 'ignore_ament_install'
[0.178s] Level 1:colcon.colcon_core.package_identification:_identify(/home/john/ros2_ws/src/Triton/triton_controller) by extensions ['colcon_pkg']
[0.178s] Level 1:colcon.colcon_core.package_identification:_identify(/home/john/ros2_ws/src/Triton/triton_controller) by extension 'colcon_pkg'
[0.178s] Level 1:colcon.colcon_core.package_identification:_identify(/home/john/ros2_ws/src/Triton/triton_controller) by extensions ['colcon_meta']
[0.178s] Level 1:colcon.colcon_core.package_identification:_identify(/home/john/ros2_ws/src/Triton/triton_controller) by extension 'colcon_meta'
[0.178s] Level 1:colcon.colcon_core.package_identification:_identify(/home/john/ros2_ws/src/Triton/triton_controller) by extensions ['ros']
[0.178s] Level 1:colcon.colcon_core.package_identification:_identify(/home/john/ros2_ws/src/Triton/triton_controller) by extension 'ros'
[0.179s] DEBUG:colcon.colcon_core.package_identification:Package '/home/john/ros2_ws/src/Triton/triton_controller' with type 'ros.ament_cmake' and name 'triton_controller'
[0.179s] Level 1:colcon.colcon_core.package_identification:_identify(/home/john/ros2_ws/src/Triton/triton_navigation) by extensions ['ignore', 'ignore_ament_install']
[0.179s] Level 1:colcon.colcon_core.package_identification:_identify(/home/john/ros2_ws/src/Triton/triton_navigation) by extension 'ignore'
[0.179s] Level 1:colcon.colcon_core.package_identification:_identify(/home/john/ros2_ws/src/Triton/triton_navigation) by extension 'ignore_ament_install'
[0.179s] Level 1:colcon.colcon_core.package_identification:_identify(/home/john/ros2_ws/src/Triton/triton_navigation) by extensions ['colcon_pkg']
[0.179s] Level 1:colcon.colcon_core.package_identification:_identify(/home/john/ros2_ws/src/Triton/triton_navigation) by extension 'colcon_pkg'
[0.179s] Level 1:colcon.colcon_core.package_identification:_identify(/home/john/ros2_ws/src/Triton/triton_navigation) by extensions ['colcon_meta']
[0.179s] Level 1:colcon.colcon_core.package_identification:_identify(/home/john/ros2_ws/src/Triton/triton_navigation) by extension 'colcon_meta'
[0.179s] Level 1:colcon.colcon_core.package_identification:_identify(/home/john/ros2_ws/src/Triton/triton_navigation) by extensions ['ros']
[0.179s] Level 1:colcon.colcon_core.package_identification:_identify(/home/john/ros2_ws/src/Triton/triton_navigation) by extension 'ros'
[0.180s] DEBUG:colcon.colcon_core.package_identification:Package '/home/john/ros2_ws/src/Triton/triton_navigation' with type 'ros.ament_cmake' and name 'triton_navigation'
[0.180s] Level 1:colcon.colcon_core.package_discovery:discover_packages(recursive) using defaults
